exports[`test with --get-yargs-completions 1`] = `
Object {
  "stderr": "",
  "stdout": "like
lint
lint.sub.thing
lint.sub.hiddenThing
",
}
`;

exports[`test with --require 1`] = `
Object {
  "stderr": "",
  "stdout": "nps is executing log: echo \"log\"
log
",
}
`;

exports[`test with --silent 1`] = `
Object {
  "stderr": "",
  "stdout": "test script
",
}
`;

exports[`test with a missing config 1`] = `
Object {
  "stderr": "Unable to find JS config at \"./something-that-does-not-exist.js\". Attempted to require as \"<projectRootDir>/cli-test/fixtures/something-that-does-not-exist.js\" https://github.com/kentcdodds/nps/blob/v0.0.0-semantically-released/other/ERRORS_AND_WARNINGS.md#unable-to-find-config
",
  "stdout": "",
}
`;

exports[`test with config with default script 1`] = `
Object {
  "stderr": "",
  "stdout": "nps is executing default: echo \"default script\"
default script
",
}
`;
